// Jest Snapshot v1, https://goo.gl/fbAQLP

exports[`mongoose \`Post\` schema should create 1 post 1`] = `
Array [
  Object {
    "__v": 0,
    "_id": "5abba8e47af4d91c259e12ee",
    "author": "5abba8e47af4d91c259e12ef",
    "createdAt": "2018-10-10T13:00:00",
    "editedAt": "2018-10-10T13:00:00",
    "message": "Some message",
  },
]
`;

exports[`mongoose \`Post\` schema should not add the response to a subject when token is invalid 1`] = `[Error: Token invalid. Please log in again.]`;

exports[`mongoose \`Post\` schema should not create a new subject given an invalid token 1`] = `[Error: Token invalid. Please log in again.]`;

exports[`mongoose \`Post\` schema should not create a post if subject invalid 1`] = `[Error: Subject not found.]`;

exports[`mongoose \`Post\` schema should not create a post when given an invalid token 1`] = `[Error: Token invalid. Please log in again.]`;

exports[`mongoose \`Post\` schema should not get a token if password is incorrect 1`] = `[Error: Password incorrect.]`;

exports[`mongoose \`Post\` schema should not update the password if user not authenticated 1`] = `[Error: Token invalid. Log in again.]`;

exports[`mongoose \`Post\` schema should produce an error for a non-existent user 1`] = `[Error: User not found.]`;
